[INFO] Scanning for projects...
[INFO] 
[INFO] -------------------------< com.riazai:riazai >--------------------------
[INFO] Building RiyazAI 0.0.1-SNAPSHOT
[INFO]   from pom.xml
[INFO] --------------------------------[ jar ]---------------------------------
[INFO] 
[INFO] --- clean:3.3.2:clean (default-clean) @ riazai ---
[INFO] Deleting C:\Users\devan_ktf7aau\Old Files(Computer)\Projects\RiazAI-TT\Spring-boot&Maven\target
[INFO] 
[INFO] --- resources:3.3.1:resources (default-resources) @ riazai ---
[INFO] Copying 1 resource from src\main\resources to target\classes
[INFO] Copying 2 resources from src\main\resources to target\classes
[INFO] 
[INFO] --- compiler:3.13.0:compile (default-compile) @ riazai ---
[INFO] Recompiling the module because of changed source code.
[INFO] Compiling 7 source files with javac [debug parameters release 21] to target\classes
[INFO] 
[INFO] --- resources:3.3.1:testResources (default-testResources) @ riazai ---
[INFO] skip non existing resourceDirectory C:\Users\devan_ktf7aau\Old Files(Computer)\Projects\RiazAI-TT\Spring-boot&Maven\src\test\resources
[INFO] 
[INFO] --- compiler:3.13.0:testCompile (default-testCompile) @ riazai ---
[INFO] Recompiling the module because of changed dependency.
[INFO] Compiling 1 source file with javac [debug parameters release 21] to target\test-classes
[INFO] 
[INFO] --- surefire:3.2.5:test (default-test) @ riazai ---
[INFO] Using auto detected provider org.apache.maven.surefire.junitplatform.JUnitPlatformProvider
[INFO] 
[INFO] -------------------------------------------------------
[INFO]  T E S T S
[INFO] -------------------------------------------------------
[INFO] Running com.riazai.service.AudioAnalysisServiceTest
mvn : WARNING: A Java agent has been loaded dynamically (C:\Users\devan_ktf7aau
\.m2\repository\net\bytebuddy\byte-buddy-agent\1.14.18\byte-buddy-agent-1.14.18
.jar)
At line:1 char:134
+ ... ram Files\Java\jdk-21"; mvn clean test 2>&1 > test-output.txt; Get-Co ...
+                             ~~~~~~~~~~~~~~~~~~~~~~~~~~~~~~~~~~~~~
    + CategoryInfo          : NotSpecified: (WARNING: A Java...nt-1.14.18.jar) 
   :String) [], RemoteException
    + FullyQualifiedErrorId : NativeCommandError
 
WARNING: If a serviceability tool is in use, please run with 
-XX:+EnableDynamicAgentLoading to hide this warning
WARNING: If a serviceability tool is not in use, please run with 
-Djdk.instrument.traceUsage for more information
WARNING: Dynamic loading of agents will be disallowed by default in a future 
release
Java HotSpot(TM) 64-Bit Server VM warning: Sharing is only supported for boot 
loader classes because bootstrap classpath has been appended
20:58:04.921 [main] INFO com.riazai.service.AudioAnalysisService -- Starting audio analysis for file: test.wav
20:58:04.945 [main] INFO com.riazai.service.AudioAnalysisService -- Analysis complete for file: test.wav. Consistency: 84.5%
20:58:05.135 [main] INFO com.riazai.service.AudioAnalysisService -- Starting audio analysis for file: empty.wav
[INFO] Tests run: 2, Failures: 0, Errors: 0, Skipped: 0, Time elapsed: 2.960 s -- in com.riazai.service.AudioAnalysisServiceTest
[INFO] 
[INFO] Results:
[INFO] 
[INFO] Tests run: 2, Failures: 0, Errors: 0, Skipped: 0
[INFO] 
[INFO] ------------------------------------------------------------------------
[INFO] BUILD SUCCESS
[INFO] ------------------------------------------------------------------------
[INFO] Total time:  15.477 s
[INFO] Finished at: 2026-03-17T20:58:05+05:30
[INFO] ------------------------------------------------------------------------
